// Jest Snapshot v1, https://goo.gl/fbAQLP

exports[`Dashboard renders learn Dashboard 1`] = `
[
  <div
    className="header"
  >
    <div
      className="heading"
    >
      <p>
        Bike Finder
      </p>
    </div>
    <div
      className="search-input"
    >
      <input
        className="input-search"
        onChange={[Function]}
        placeholder="Seach Here!"
        type="search"
      />
      <button
        onClick={[Function]}
      >
        <svg
          aria-hidden={true}
          className="MuiSvgIcon-root"
          focusable="false"
          viewBox="0 0 24 24"
        >
          <path
            d="M15.5 14h-.79l-.28-.27C15.41 12.59 16 11.11 16 9.5 16 5.91 13.09 3 9.5 3S3 5.91 3 9.5 5.91 16 9.5 16c1.61 0 3.09-.59 4.23-1.57l.27.28v.79l5 4.99L20.49 19l-4.99-5zm-6 0C7.01 14 5 11.99 5 9.5S7.01 5 9.5 5 14 7.01 14 9.5 11.99 14 9.5 14z"
          />
        </svg>
      </button>
    </div>
    <div
      className="text-content"
    >
      <p>
        Total Count: 
        0
      </p>
    </div>
  </div>,
  <div
    className="pagination"
  >
    <nav
      aria-label="pagination navigation"
      className="MuiPagination-root page-count"
    >
      <ul
        className="MuiPagination-ul"
      >
        <li>
          <button
            aria-label="Go to previous page"
            className="MuiButtonBase-root MuiPaginationItem-root MuiPaginationItem-page MuiPaginationItem-outlined MuiPaginationItem-rounded Mui-disabled MuiPaginationItem-sizeLarge Mui-disabled"
            disabled={true}
            onBlur={[Function]}
            onClick={[Function]}
            onDragLeave={[Function]}
            onFocus={[Function]}
            onKeyDown={[Function]}
            onKeyUp={[Function]}
            onMouseDown={[Function]}
            onMouseLeave={[Function]}
            onMouseUp={[Function]}
            onTouchEnd={[Function]}
            onTouchMove={[Function]}
            onTouchStart={[Function]}
            tabIndex={-1}
            type="button"
          >
            <svg
              aria-hidden={true}
              className="MuiSvgIcon-root MuiPaginationItem-icon"
              focusable="false"
              viewBox="0 0 24 24"
            >
              <path
                d="M15.41 7.41L14 6l-6 6 6 6 1.41-1.41L10.83 12z"
              />
            </svg>
          </button>
        </li>
        <li>
          <button
            aria-label="Go to next page"
            className="MuiButtonBase-root MuiPaginationItem-root MuiPaginationItem-page MuiPaginationItem-outlined MuiPaginationItem-rounded Mui-disabled MuiPaginationItem-sizeLarge Mui-disabled"
            disabled={true}
            onBlur={[Function]}
            onClick={[Function]}
            onDragLeave={[Function]}
            onFocus={[Function]}
            onKeyDown={[Function]}
            onKeyUp={[Function]}
            onMouseDown={[Function]}
            onMouseLeave={[Function]}
            onMouseUp={[Function]}
            onTouchEnd={[Function]}
            onTouchMove={[Function]}
            onTouchStart={[Function]}
            tabIndex={-1}
            type="button"
          >
            <svg
              aria-hidden={true}
              className="MuiSvgIcon-root MuiPaginationItem-icon"
              focusable="false"
              viewBox="0 0 24 24"
            >
              <path
                d="M10 6L8.59 7.41 13.17 12l-4.58 4.59L10 18l6-6z"
              />
            </svg>
          </button>
        </li>
      </ul>
    </nav>
  </div>,
  <div
    className="pagination"
  >
    <nav
      aria-label="pagination navigation"
      className="MuiPagination-root page-count"
    >
      <ul
        className="MuiPagination-ul"
      >
        <li>
          <button
            aria-label="Go to previous page"
            className="MuiButtonBase-root MuiPaginationItem-root MuiPaginationItem-page MuiPaginationItem-outlined MuiPaginationItem-rounded Mui-disabled MuiPaginationItem-sizeLarge Mui-disabled"
            disabled={true}
            onBlur={[Function]}
            onClick={[Function]}
            onDragLeave={[Function]}
            onFocus={[Function]}
            onKeyDown={[Function]}
            onKeyUp={[Function]}
            onMouseDown={[Function]}
            onMouseLeave={[Function]}
            onMouseUp={[Function]}
            onTouchEnd={[Function]}
            onTouchMove={[Function]}
            onTouchStart={[Function]}
            tabIndex={-1}
            type="button"
          >
            <svg
              aria-hidden={true}
              className="MuiSvgIcon-root MuiPaginationItem-icon"
              focusable="false"
              viewBox="0 0 24 24"
            >
              <path
                d="M15.41 7.41L14 6l-6 6 6 6 1.41-1.41L10.83 12z"
              />
            </svg>
          </button>
        </li>
        <li>
          <button
            aria-label="Go to next page"
            className="MuiButtonBase-root MuiPaginationItem-root MuiPaginationItem-page MuiPaginationItem-outlined MuiPaginationItem-rounded Mui-disabled MuiPaginationItem-sizeLarge Mui-disabled"
            disabled={true}
            onBlur={[Function]}
            onClick={[Function]}
            onDragLeave={[Function]}
            onFocus={[Function]}
            onKeyDown={[Function]}
            onKeyUp={[Function]}
            onMouseDown={[Function]}
            onMouseLeave={[Function]}
            onMouseUp={[Function]}
            onTouchEnd={[Function]}
            onTouchMove={[Function]}
            onTouchStart={[Function]}
            tabIndex={-1}
            type="button"
          >
            <svg
              aria-hidden={true}
              className="MuiSvgIcon-root MuiPaginationItem-icon"
              focusable="false"
              viewBox="0 0 24 24"
            >
              <path
                d="M10 6L8.59 7.41 13.17 12l-4.58 4.59L10 18l6-6z"
              />
            </svg>
          </button>
        </li>
      </ul>
    </nav>
  </div>,
]
`;
